// Jest Snapshot v1, https://goo.gl/fbAQLP

exports[`register-gateway Everything is successful Walkthrough passes in the correct arguments to axios 1`] = `
Array [
  Array [
    Object {
      "data": Object {
        "actions": Array [
          Object {
            "name": "add-participant",
            "target": "arn:aws:sqs:us-east-1:460140541257:us-east-1-dev-smooch-action-add-participant",
          },
          Object {
            "name": "disconnect",
            "target": "arn:aws:sqs:us-east-1:460140541257:us-east-1-dev-smooch-action-disconnect",
          },
          Object {
            "name": "send-message",
            "target": "arn:aws:sqs:us-east-1:460140541257:us-east-1-dev-smooch-action-send-message",
          },
          Object {
            "name": "collect-message-response",
            "target": "arn:aws:sqs:us-east-1:460140541257:us-east-1-dev-smooch-action-collect-message-response",
          },
        ],
        "subscriptions": Array [],
        "type": "smooch",
        "url": "",
      },
      "headers": Object {
        "Authorization": "given-auth",
      },
      "method": "post",
      "url": "https://us-east-1-dev-edge.domain/v1/gateways",
    },
  ],
]
`;

exports[`register-gateway throws an error when there is a problem callind endpoint to register gateway 1`] = `"Error calling API to register gateway"`;
