// Jest Snapshot v1, https://goo.gl/fbAQLP

exports[`smooch-action-send-rich-message Non web Walkthrough passes in the correct arguments to Smooch 1`] = `
Array [
  Array [
    "mock-app-id",
    "mock-conversation-id",
    Object {
      "author": Object {
        "type": "business",
      },
      "content": Object {
        "actions": Array [
          Object {
            "payload": "reply payload 1",
            "text": "reply text 1",
            "type": "reply",
          },
          Object {
            "payload": "reply payload 2",
            "text": "reply text 2",
            "type": "reply",
          },
        ],
        "text": "abc",
        "type": "text",
      },
      "metadata": Object {
        "actionId": "mock-action-id",
        "from": "from",
        "interactionId": "mock-interaction-id",
        "subId": "mock-sub-id",
        "type": "from",
      },
    },
  ],
]
`;

exports[`smooch-action-send-rich-message Web Walkthrough passes in the correct arguments to DynamoDB get 1`] = `
Array [
  Array [
    Object {
      "ExpressionAttributeValues": Object {
        ":c": Array [
          Object {
            "actionId": "mock-action-id",
            "messageType": "text",
            "subId": "mock-sub-id",
          },
        ],
      },
      "Key": Object {
        "SmoochUserId": "mock-user-id",
      },
      "ReturnValues": "UPDATED_NEW",
      "TableName": "us-east-1-dev-smooch-interactions",
      "UpdateExpression": "set CollectActions = :c",
    },
  ],
]
`;

exports[`smooch-action-send-rich-message Web Walkthrough passes in the correct arguments to DynamoDB update 1`] = `
Array [
  Array [
    Object {
      "ExpressionAttributeValues": Object {
        ":c": Array [
          Object {
            "actionId": "mock-action-id",
            "messageType": "text",
            "subId": "mock-sub-id",
          },
        ],
      },
      "Key": Object {
        "SmoochUserId": "mock-user-id",
      },
      "ReturnValues": "UPDATED_NEW",
      "TableName": "us-east-1-dev-smooch-interactions",
      "UpdateExpression": "set CollectActions = :c",
    },
  ],
]
`;

exports[`smooch-action-send-rich-message Web Walkthrough passes in the correct arguments to Smooch 1`] = `
Array [
  Array [
    "mock-app-id",
    "mock-conversation-id",
    Object {
      "author": Object {
        "type": "business",
      },
      "content": Object {
        "actions": Array [
          Object {
            "payload": "reply payload 1",
            "text": "reply text 1",
            "type": "reply",
          },
          Object {
            "payload": "reply payload 2",
            "text": "reply text 2",
            "type": "reply",
          },
        ],
        "text": "abc",
        "type": "text",
      },
      "metadata": Object {
        "actionId": "mock-action-id",
        "from": "from",
        "interactionId": "mock-interaction-id",
        "subId": "mock-sub-id",
        "type": "from",
      },
    },
  ],
]
`;

exports[`smooch-action-send-rich-message throws a error warning when platform type is unsupported 1`] = `"unsupported platform"`;

exports[`smooch-action-send-rich-message throws a error when there is a error getting interaction 1`] = `"Failed to get smooch interaction record"`;

exports[`smooch-action-send-rich-message throws a error when there is a error updating collect actions 1`] = `"An error ocurred updating collectActions"`;

exports[`smooch-action-send-rich-message throws a warning when there existing collect actions for non web 1`] = `"smooch-action-send-rich-message successful"`;

exports[`smooch-action-send-rich-message throws a warning when there existing collect actions for web 1`] = `"smooch-action-send-rich-message successful"`;

exports[`smooch-action-send-rich-message throws a warning when there is no interaction for web 1`] = `"smooch-action-send-rich-message successful"`;

exports[`smooch-action-send-rich-message throws a warning when there is old interaction id for web 1`] = `"smooch-action-send-rich-message successful"`;

exports[`smooch-action-send-rich-message throws an error when there is a problem retrieving cx credentials 1`] = `"Error retrieving cx credentials"`;

exports[`smooch-action-send-rich-message throws an error when there is a problem retrieving digital channels credentials 1`] = `"Error retrieving digital channels credentials"`;
